mode: set
github.com/azwwz/bookingHotelTBMWAWG/internal/handlers/handlers.go:28.74,33.2 1 0
github.com/azwwz/bookingHotelTBMWAWG/internal/handlers/handlers.go:35.51,40.2 1 1
github.com/azwwz/bookingHotelTBMWAWG/internal/handlers/handlers.go:42.29,44.2 1 0
github.com/azwwz/bookingHotelTBMWAWG/internal/handlers/handlers.go:46.70,48.2 1 1
github.com/azwwz/bookingHotelTBMWAWG/internal/handlers/handlers.go:50.71,52.2 1 1
github.com/azwwz/bookingHotelTBMWAWG/internal/handlers/handlers.go:54.74,56.2 1 1
github.com/azwwz/bookingHotelTBMWAWG/internal/handlers/handlers.go:58.72,60.2 1 0
github.com/azwwz/bookingHotelTBMWAWG/internal/handlers/handlers.go:62.78,64.2 1 1
github.com/azwwz/bookingHotelTBMWAWG/internal/handlers/handlers.go:66.82,74.16 7 0
github.com/azwwz/bookingHotelTBMWAWG/internal/handlers/handlers.go:74.16,77.3 2 0
github.com/azwwz/bookingHotelTBMWAWG/internal/handlers/handlers.go:78.2,79.16 2 0
github.com/azwwz/bookingHotelTBMWAWG/internal/handlers/handlers.go:79.16,82.3 2 0
github.com/azwwz/bookingHotelTBMWAWG/internal/handlers/handlers.go:84.2,85.16 2 0
github.com/azwwz/bookingHotelTBMWAWG/internal/handlers/handlers.go:85.16,88.3 2 0
github.com/azwwz/bookingHotelTBMWAWG/internal/handlers/handlers.go:90.2,90.21 1 0
github.com/azwwz/bookingHotelTBMWAWG/internal/handlers/handlers.go:90.21,95.3 3 0
github.com/azwwz/bookingHotelTBMWAWG/internal/handlers/handlers.go:97.2,109.4 5 0
github.com/azwwz/bookingHotelTBMWAWG/internal/handlers/handlers.go:120.82,138.16 9 0
github.com/azwwz/bookingHotelTBMWAWG/internal/handlers/handlers.go:138.16,141.3 2 0
github.com/azwwz/bookingHotelTBMWAWG/internal/handlers/handlers.go:143.2,144.21 2 0
github.com/azwwz/bookingHotelTBMWAWG/internal/handlers/handlers.go:147.73,149.2 1 0
github.com/azwwz/bookingHotelTBMWAWG/internal/handlers/handlers.go:151.77,155.9 2 1
github.com/azwwz/bookingHotelTBMWAWG/internal/handlers/handlers.go:155.9,158.3 2 0
github.com/azwwz/bookingHotelTBMWAWG/internal/handlers/handlers.go:160.2,168.16 7 1
github.com/azwwz/bookingHotelTBMWAWG/internal/handlers/handlers.go:168.16,171.3 2 0
github.com/azwwz/bookingHotelTBMWAWG/internal/handlers/handlers.go:173.2,185.4 5 1
github.com/azwwz/bookingHotelTBMWAWG/internal/handlers/handlers.go:188.81,190.9 2 0
github.com/azwwz/bookingHotelTBMWAWG/internal/handlers/handlers.go:190.9,193.3 2 0
github.com/azwwz/bookingHotelTBMWAWG/internal/handlers/handlers.go:194.2,195.16 2 0
github.com/azwwz/bookingHotelTBMWAWG/internal/handlers/handlers.go:195.16,198.3 2 0
github.com/azwwz/bookingHotelTBMWAWG/internal/handlers/handlers.go:200.2,210.19 9 0
github.com/azwwz/bookingHotelTBMWAWG/internal/handlers/handlers.go:210.19,215.3 2 0
github.com/azwwz/bookingHotelTBMWAWG/internal/handlers/handlers.go:219.2,220.16 2 0
github.com/azwwz/bookingHotelTBMWAWG/internal/handlers/handlers.go:220.16,223.3 2 0
github.com/azwwz/bookingHotelTBMWAWG/internal/handlers/handlers.go:225.2,234.16 3 0
github.com/azwwz/bookingHotelTBMWAWG/internal/handlers/handlers.go:234.16,237.3 2 0
github.com/azwwz/bookingHotelTBMWAWG/internal/handlers/handlers.go:239.2,240.66 2 0
github.com/azwwz/bookingHotelTBMWAWG/internal/handlers/handlers.go:243.84,245.9 2 0
github.com/azwwz/bookingHotelTBMWAWG/internal/handlers/handlers.go:245.9,250.3 4 0
github.com/azwwz/bookingHotelTBMWAWG/internal/handlers/handlers.go:251.2,264.4 9 0
github.com/azwwz/bookingHotelTBMWAWG/internal/handlers/handlers.go:268.76,270.16 2 0
github.com/azwwz/bookingHotelTBMWAWG/internal/handlers/handlers.go:270.16,273.3 2 0
github.com/azwwz/bookingHotelTBMWAWG/internal/handlers/handlers.go:275.2,276.9 2 0
github.com/azwwz/bookingHotelTBMWAWG/internal/handlers/handlers.go:276.9,278.3 1 0
github.com/azwwz/bookingHotelTBMWAWG/internal/handlers/handlers.go:280.2,284.63 3 0
github.com/azwwz/bookingHotelTBMWAWG/internal/handlers/handlers.go:287.74,290.16 2 0
github.com/azwwz/bookingHotelTBMWAWG/internal/handlers/handlers.go:290.16,292.3 1 0
github.com/azwwz/bookingHotelTBMWAWG/internal/handlers/handlers.go:293.2,300.16 5 0
github.com/azwwz/bookingHotelTBMWAWG/internal/handlers/handlers.go:300.16,303.3 2 0
github.com/azwwz/bookingHotelTBMWAWG/internal/handlers/handlers.go:304.2,310.63 6 0
